Some weights of BertForSequenceClassification were not initialized from the model checkpoint at bert-base-uncased and are newly initialized: ['classifier.bias', 'classifier.weight']
You should probably TRAIN this model on a down-stream task to be able to use it for predictions and inference.
Some weights of BertForSequenceClassification were not initialized from the model checkpoint at bert-base-uncased and are newly initialized: ['classifier.bias', 'classifier.weight']
You should probably TRAIN this model on a down-stream task to be able to use it for predictions and inference.
Some weights of BertForSequenceClassification were not initialized from the model checkpoint at bert-base-uncased and are newly initialized: ['classifier.bias', 'classifier.weight']
You should probably TRAIN this model on a down-stream task to be able to use it for predictions and inference.
Loading go_emotions (schema=ekman6, features=tfidf) ...
  train=43410  test=5427  n_labels=7

=== hf_bert-base-uncased ===
  [seed 42] macro_f1=0.603  micro_f1=0.688  ece=0.030  train=146.9s  latency=0.43ms  thrpt=2349/s  size=417.7MB  device=cuda:0
  [seed 43] macro_f1=0.613  micro_f1=0.681  ece=0.032  train=145.4s  latency=0.43ms  thrpt=2353/s  size=417.7MB  device=cuda:0
  [seed 44] macro_f1=0.619  micro_f1=0.681  ece=0.035  train=145.1s  latency=0.43ms  thrpt=2325/s  size=417.7MB  device=cuda:0

## Raw scorecard

| model | dataset | macro_f1 | micro_f1 | subset_accuracy | ece | train_seconds | predict_latency_ms | throughput | model_size_mb |
| --- | --- | --- | --- | --- | --- | --- | --- | --- | --- |
| hf_bert-base-uncased | go_emotions | 0.6027 | 0.6879 | 0.6066 | 0.03041 | 146.9 | 0.4258 | 2349 | 417.7 |
| hf_bert-base-uncased | go_emotions | 0.613 | 0.6808 | 0.6025 | 0.03181 | 145.4 | 0.425 | 2353 | 417.7 |
| hf_bert-base-uncased | go_emotions | 0.6194 | 0.6808 | 0.6036 | 0.03459 | 145.1 | 0.4302 | 2325 | 417.7 |

## Multi-seed summary (mean +/- std over 3 seeds)

  hf_bert-base-uncased:  macro_f1=0.612+/-0.008  micro_f1=0.683+/-0.004  train=145.8+/-1.0s  size=417.7MB

Saved results:
  json        results/go_ekman6_bert_seeds.json
  scorecard   results/go_ekman6_bert_seeds_scorecard.csv
  per_emotion results/go_ekman6_bert_seeds_per_emotion.csv
  summary     results/go_ekman6_bert_seeds_summary.csv
