Some weights of DistilBertForSequenceClassification were not initialized from the model checkpoint at distilbert-base-uncased and are newly initialized: ['classifier.bias', 'classifier.weight', 'pre_classifier.bias', 'pre_classifier.weight']
You should probably TRAIN this model on a down-stream task to be able to use it for predictions and inference.
Some weights of DistilBertForSequenceClassification were not initialized from the model checkpoint at distilbert-base-uncased and are newly initialized: ['classifier.bias', 'classifier.weight', 'pre_classifier.bias', 'pre_classifier.weight']
You should probably TRAIN this model on a down-stream task to be able to use it for predictions and inference.
Some weights of DistilBertForSequenceClassification were not initialized from the model checkpoint at distilbert-base-uncased and are newly initialized: ['classifier.bias', 'classifier.weight', 'pre_classifier.bias', 'pre_classifier.weight']
You should probably TRAIN this model on a down-stream task to be able to use it for predictions and inference.
Loading go_emotions (schema=sentiment3, features=tfidf) ...
  train=43410  test=5427  n_labels=4

=== hf_distilbert ===
  [seed 42] macro_f1=0.678  micro_f1=0.708  ece=0.048  train=79.4s  latency=0.26ms  thrpt=3841/s  size=255.5MB  device=cuda:0
  [seed 43] macro_f1=0.682  micro_f1=0.711  ece=0.046  train=77.7s  latency=0.26ms  thrpt=3845/s  size=255.5MB  device=cuda:0
  [seed 44] macro_f1=0.684  micro_f1=0.710  ece=0.044  train=78.1s  latency=0.25ms  thrpt=3942/s  size=255.5MB  device=cuda:0

## Raw scorecard

| model | dataset | macro_f1 | micro_f1 | subset_accuracy | ece | train_seconds | predict_latency_ms | throughput | model_size_mb |
| --- | --- | --- | --- | --- | --- | --- | --- | --- | --- |
| hf_distilbert-base-uncased | go_emotions | 0.6779 | 0.7075 | 0.6322 | 0.04764 | 79.43 | 0.2603 | 3841 | 255.5 |
| hf_distilbert-base-uncased | go_emotions | 0.6823 | 0.7109 | 0.6405 | 0.04566 | 77.68 | 0.2601 | 3845 | 255.5 |
| hf_distilbert-base-uncased | go_emotions | 0.6839 | 0.7099 | 0.6368 | 0.04399 | 78.07 | 0.2537 | 3942 | 255.5 |

## Multi-seed summary (mean +/- std over 3 seeds)

  hf_distilbert-base-uncased:  macro_f1=0.681+/-0.003  micro_f1=0.709+/-0.002  train=78.4+/-0.9s  size=255.5MB

Saved results:
  json        results/go_sentiment3_distilbert_seeds.json
  scorecard   results/go_sentiment3_distilbert_seeds_scorecard.csv
  per_emotion results/go_sentiment3_distilbert_seeds_per_emotion.csv
  summary     results/go_sentiment3_distilbert_seeds_summary.csv
