Some weights of DistilBertForSequenceClassification were not initialized from the model checkpoint at distilbert-base-uncased and are newly initialized: ['classifier.bias', 'classifier.weight', 'pre_classifier.bias', 'pre_classifier.weight']
You should probably TRAIN this model on a down-stream task to be able to use it for predictions and inference.
Some weights of BertForSequenceClassification were not initialized from the model checkpoint at bert-base-uncased and are newly initialized: ['classifier.bias', 'classifier.weight']
You should probably TRAIN this model on a down-stream task to be able to use it for predictions and inference.
Loading go_emotions (schema=ekman6, features=tfidf) ...
Cross-dataset eval: train on go_emotions, test on sem_eval_2018_task_1
  train=43410  test=3163  n_labels=7

=== naive_bayes ===
  macro_f1=0.242  micro_f1=0.374  ece=0.056  train=0.7s  latency=0.01ms  thrpt=122673/s  size=15.2MB  device=cpu

=== logreg ===
  macro_f1=0.364  micro_f1=0.419  ece=0.067  train=1.4s  latency=0.01ms  thrpt=128614/s  size=4.5MB  device=cpu

=== linsvm ===
  macro_f1=0.241  micro_f1=0.355  ece=0.118  train=3.9s  latency=0.01ms  thrpt=93555/s  size=9.9MB  device=cpu

=== random_forest ===
  macro_f1=0.175  micro_f1=0.273  ece=0.133  train=12.6s  latency=0.20ms  thrpt=4982/s  size=1869.5MB  device=cpu

=== bilstm ===
  macro_f1=0.242  micro_f1=0.422  ece=0.129  train=13.6s  latency=0.02ms  thrpt=52084/s  size=14.2MB  device=cuda:0

=== hf_distilbert ===
  macro_f1=0.218  micro_f1=0.271  ece=0.229  train=78.4s  latency=0.24ms  thrpt=4250/s  size=255.5MB  device=cuda:0

=== hf_bert-base-uncased ===
  macro_f1=0.263  micro_f1=0.301  ece=0.218  train=145.5s  latency=0.39ms  thrpt=2571/s  size=417.7MB  device=cuda:0

## Raw scorecard

| model | dataset | macro_f1 | micro_f1 | subset_accuracy | ece | train_seconds | predict_latency_ms | throughput | model_size_mb |
| --- | --- | --- | --- | --- | --- | --- | --- | --- | --- |
| naive_bayes_tfidf | go_emotions->sem_eval_2018_task_1 | 0.2417 | 0.3736 | 0.2447 | 0.05614 | 0.7031 | 0.008152 | 1.227e+05 | 15.21 |
| logreg_tfidf | go_emotions->sem_eval_2018_task_1 | 0.3641 | 0.4192 | 0.2254 | 0.0675 | 1.424 | 0.007775 | 1.286e+05 | 4.528 |
| linsvm_tfidf | go_emotions->sem_eval_2018_task_1 | 0.2413 | 0.3546 | 0.2494 | 0.1178 | 3.888 | 0.01069 | 9.355e+04 | 9.876 |
| random_forest_tfidf | go_emotions->sem_eval_2018_task_1 | 0.1748 | 0.2727 | 0.2102 | 0.1329 | 12.63 | 0.2007 | 4982 | 1870 |
| bilstm | go_emotions->sem_eval_2018_task_1 | 0.2417 | 0.422 | 0.2909 | 0.1289 | 13.56 | 0.0192 | 5.208e+04 | 14.18 |
| hf_distilbert-base-uncased | go_emotions->sem_eval_2018_task_1 | 0.2178 | 0.2707 | 0.1853 | 0.2293 | 78.44 | 0.2353 | 4250 | 255.5 |
| hf_bert-base-uncased | go_emotions->sem_eval_2018_task_1 | 0.2631 | 0.3008 | 0.2068 | 0.2183 | 145.5 | 0.3889 | 2571 | 417.7 |

## Normalized (1 = best per axis)

| model | macro_f1 | micro_f1 | subset_accuracy | ece | train_seconds | predict_latency_ms | throughput | model_size_mb |
| --- | --- | --- | --- | --- | --- | --- | --- | --- |
| naive_bayes_tfidf | 0.354 | 0.680 | 0.563 | 1.000 | 1.000 | 0.999 | 0.953 | 0.994 |
| logreg_tfidf | 1.000 | 0.982 | 0.380 | 0.934 | 0.995 | 1.000 | 1.000 | 1.000 |
| linsvm_tfidf | 0.351 | 0.555 | 0.608 | 0.644 | 0.978 | 0.992 | 0.722 | 0.997 |
| random_forest_tfidf | 0.000 | 0.013 | 0.237 | 0.557 | 0.918 | 0.494 | 0.019 | 0.000 |
| bilstm | 0.353 | 1.000 | 1.000 | 0.580 | 0.911 | 0.970 | 0.393 | 0.995 |
| hf_distilbert-base-uncased | 0.227 | 0.000 | 0.000 | 0.000 | 0.463 | 0.403 | 0.013 | 0.865 |
| hf_bert-base-uncased | 0.466 | 0.199 | 0.204 | 0.063 | 0.000 | 0.000 | 0.000 | 0.778 |

Saved results:
  json        results/xdata_go2semeval.json
  scorecard   results/xdata_go2semeval_scorecard.csv
  per_emotion results/xdata_go2semeval_per_emotion.csv
