Some weights of DistilBertForSequenceClassification were not initialized from the model checkpoint at distilbert-base-uncased and are newly initialized: ['classifier.bias', 'classifier.weight', 'pre_classifier.bias', 'pre_classifier.weight']
You should probably TRAIN this model on a down-stream task to be able to use it for predictions and inference.
Some weights of DistilBertForSequenceClassification were not initialized from the model checkpoint at distilbert-base-uncased and are newly initialized: ['classifier.bias', 'classifier.weight', 'pre_classifier.bias', 'pre_classifier.weight']
You should probably TRAIN this model on a down-stream task to be able to use it for predictions and inference.
Some weights of DistilBertForSequenceClassification were not initialized from the model checkpoint at distilbert-base-uncased and are newly initialized: ['classifier.bias', 'classifier.weight', 'pre_classifier.bias', 'pre_classifier.weight']
You should probably TRAIN this model on a down-stream task to be able to use it for predictions and inference.
Loading go_emotions (schema=native, features=tfidf) ...
  train=43410  test=5427  n_labels=28

=== hf_distilbert ===
  [seed 42] macro_f1=0.452  micro_f1=0.566  ece=0.004  train=79.3s  latency=0.26ms  thrpt=3822/s  size=255.5MB  device=cuda:0
  [seed 43] macro_f1=0.444  micro_f1=0.587  ece=0.006  train=77.9s  latency=0.26ms  thrpt=3857/s  size=255.5MB  device=cuda:0
  [seed 44] macro_f1=0.413  micro_f1=0.572  ece=0.006  train=77.7s  latency=0.26ms  thrpt=3889/s  size=255.5MB  device=cuda:0

## Raw scorecard

| model | dataset | macro_f1 | micro_f1 | subset_accuracy | ece | train_seconds | predict_latency_ms | throughput | model_size_mb |
| --- | --- | --- | --- | --- | --- | --- | --- | --- | --- |
| hf_distilbert-base-uncased | go_emotions | 0.452 | 0.5658 | 0.4404 | 0.003967 | 79.29 | 0.2617 | 3822 | 255.5 |
| hf_distilbert-base-uncased | go_emotions | 0.4438 | 0.5869 | 0.4747 | 0.00609 | 77.93 | 0.2593 | 3857 | 255.5 |
| hf_distilbert-base-uncased | go_emotions | 0.4135 | 0.5719 | 0.4557 | 0.006216 | 77.74 | 0.2571 | 3889 | 255.5 |

## Multi-seed summary (mean +/- std over 3 seeds)

  hf_distilbert-base-uncased:  macro_f1=0.436+/-0.020  micro_f1=0.575+/-0.011  train=78.3+/-0.8s  size=255.5MB

Saved results:
  json        results/go_native_distilbert_seeds.json
  scorecard   results/go_native_distilbert_seeds_scorecard.csv
  per_emotion results/go_native_distilbert_seeds_per_emotion.csv
  summary     results/go_native_distilbert_seeds_summary.csv
